// Jest Snapshot v1, https://goo.gl/fbAQLP

exports[`FooterTable Component matches the snapshot 1`] = `
<div>
  <div
    class="flex flex-col items-end justify-end w-full mt-6 gap-6"
  >
    <div
      class="flex items-end justify-between w-full mt-6 gap-6"
    >
      <div
        class="flex items-center gap-2"
      >
        <p
          class="text-sm text-gray-500 dark:text-gray-400 whitespace-nowrap"
        >
          Resultados por página:
        </p>
        <select
          class="max-w-lg bg-gray-50 border border-gray-300 text-gray-900 text-sm rounded-lg block w-full p-2.5 dark:bg-gray-700 dark:border-gray-600 dark:placeholder-gray-400 dark:text-white"
        >
          <option
            value="10"
          >
            10
          </option>
          <option
            value="15"
          >
            15
          </option>
          <option
            value="20"
          >
            20
          </option>
        </select>
      </div>
    </div>
  </div>
</div>
`;

exports[`FooterTable matches the snapshot 1`] = `
<div>
  <div
    class="flex flex-col items-end justify-end w-full mt-6 gap-6"
  >
    <div
      class="flex items-end justify-between w-full mt-6 gap-6"
    >
      <div
        class="flex items-center gap-2"
      >
        <p
          class="text-sm text-gray-500 dark:text-gray-400 whitespace-nowrap"
        >
          Resultados por página:
        </p>
        <select
          class="max-w-lg bg-gray-50 border border-gray-300 text-gray-900 text-sm rounded-lg block w-full p-2.5 dark:bg-gray-700 dark:border-gray-600 dark:placeholder-gray-400 dark:text-white"
        >
          <option
            value="10"
          >
            10
          </option>
          <option
            value="15"
          >
            15
          </option>
          <option
            value="20"
          >
            20
          </option>
        </select>
      </div>
    </div>
  </div>
</div>
`;
